// Jest Snapshot v1, https://goo.gl/fbAQLP

exports[`App Component renders without crashing 1`] = `
<div
  className="App"
>
  <button
    className="loadButton"
    disabled={false}
  >
    Load Users
  </button>
</div>
`;
